Setup & Initialization
 Initialize a Git repository:
	git init
	Clone a repository:
	git clone <repository_url>
	Set username and email:
	git config --global user.name "Your Name"
	git config --global user.email "your_email@example.com"

Staging & Committing
 Check the status of changes:
	git status
	Stage a file for commit:
	git add <file>
	Stage all changes:
	git add .
	Commit changes with a message:
	git commit -m "Commit message"
	Amend the last commit:
	git commit --amend

Branching
 List branches:
	git branch
	Create a new branch:
	git branch <branch_name>
	Switch to a branch:
	git checkout <branch_name>
	Create and switch to a branch:
	git checkout -b <branch_name>
	Merge a branch:
	git merge <branch_name>
	Delete a branch:
	git branch -d <branch_name>
	Force delete a branch:
	git branch -D <branch_name>


Viewing Changes
 View commit history:
	git log
	Compact commit history:
	git log --oneline
	View unstaged changes:
	git diff
	View staged changes:
	git diff --staged

Undoing Changes
 Unstage a file:
	git reset <file>
	Discard local changes in a file:
	git checkout -- <file>
	Undo the last commit (keep changes):
	git reset --soft HEAD~1
	Undo the last commit (discard changes):
	git reset --hard HEAD~1

Working with Remote Repositories
 Add a remote repository:
	git remote add origin <repository_url>
	View remotes:
	git remote -v
	Push changes:
	git push origin <branch_name>
	Pull changes:
	git pull origin <branch_name>
	Fetch changes:
	git fetch

Stashing
 Stash changes:
	git stash
	Apply stashed changes:
	git stash apply
	List stashes:
	git stash list

Tags
 Create a tag:
	git tag <tag_name>
	Push a tag to remote:
	git push origin <tag_name>
	List all tags:
	git tag

Cleaning
 Remove untracked files:
	git clean -f


Advanced Git Commands
 Revert a specific commit:
	git revert <commit_hash>
	Interactive rebase (combine commits):
	git rebase -i HEAD~n
	View file contents at a specific commit:
	git show <commit_hash>:<file_path>
	Check Git version:
	git --version





am346@LAPTOP-B9F3S5NF MINGW64 /e/Git (main)
$ git clone https://github.com/ALOKKUMARMISHRA512/demo.git~
Cloning into 'demo.git~'...
remote: Repository not found.
fatal: repository 'https://github.com/ALOKKUMARMISHRA512/demo.git~/' not found

am346@LAPTOP-B9F3S5NF MINGW64 /e/Git (main)
$ git clone https://github.com/ALOKKUMARMISHRA512/demo.git
Cloning into 'demo'...
remote: Enumerating objects: 3, done.
remote: Counting objects: 100% (3/3), done.
remote: Total 3 (delta 0), reused 0 (delta 0), pack-reused 0 (from 0)
Receiving objects: 100% (3/3), done.

am346@LAPTOP-B9F3S5NF MINGW64 /e/Git (main)
$ git add .
warning: adding embedded git repository: demo
hint: You've added another git repository inside your current repository.
hint: Clones of the outer repository will not contain the contents of
hint: the embedded repository and will not know how to obtain it.
hint: If you meant to add a submodule, use:
hint:
hint:   git submodule add <url> demo
hint:
hint: If you added this path by mistake, you can remove it from the
hint: index with:
hint:
hint:   git rm --cached demo
hint:
hint: See "git help submodule" for more information.
hint: Disable this message with "git config advice.addEmbeddedRepo false"

am346@LAPTOP-B9F3S5NF MINGW64 /e/Git (main)
$ cd demo

am346@LAPTOP-B9F3S5NF MINGW64 /e/Git/demo (main)
$ git status
On branch main
Your branch is up to date with 'origin/main'.

Untracked files:
  (use "git add <file>..." to include in what will be committed)
        git_Commands.txt

nothing added to commit but untracked files present (use "git add" to track)

am346@LAPTOP-B9F3S5NF MINGW64 /e/Git/demo (main)
$ git add .

am346@LAPTOP-B9F3S5NF MINGW64 /e/Git/demo (main)
$ git commit -m "git commit"
[main ca178aa] git commit
 1 file changed, 102 insertions(+)
 create mode 100644 git_Commands.txt

am346@LAPTOP-B9F3S5NF MINGW64 /e/Git/demo (main)
$ git push origin main
Enumerating objects: 4, done.
Counting objects: 100% (4/4), done.
Delta compression using up to 12 threads
Compressing objects: 100% (3/3), done.
Writing objects: 100% (3/3), 1.02 KiB | 1.02 MiB/s, done.
Total 3 (delta 0), reused 0 (delta 0), pack-reused 0 (from 0)
To https://github.com/ALOKKUMARMISHRA512/demo.git
   fd0de71..ca178aa  main -> main

am346@LAPTOP-B9F3S5NF MINGW64 /e/Git/demo (main)
$



